
> apptemp@0.1.0 build
> next build

Γû▓ Next.js 16.1.6 (Turbopack)
- Environments: .env.local

  Creating an optimized production build ...
npm : Error: Cannot apply 
unknown utility class 
`ring-offset-background`
At line:1 char:1
+ npm run build > 
build_output.log 2>&1
+ ~~~~~~~~~~~~~~~~~~~~~~~~~~
~~~~~~~~~~~
    + CategoryInfo          
    : NotSpecified: (Error  
  : Cannot a...set-backgr   
 ound`:String) [], Remot    
eException
    + FullyQualifiedErrorId 
    : NativeCommandError
 
    [2m[at 
onInvalidCandidate (C:\Users
\nihad_a7e0bkc\Desktop\cvmak
er\node_modules\tailwindcss\
dist\lib.js:21:1511)][0m
    [2m[at Ee (C:\Users\nih
ad_a7e0bkc\Desktop\cvmaker\n
ode_modules\tailwindcss\dist
\lib.js:16:37066)][0m
    [2m[at C:\Users\nihad_a
7e0bkc\Desktop\cvmaker\node_
modules\tailwindcss\dist\lib
.js:21:355][0m
    [2m[at Pr (C:\Users\nih
ad_a7e0bkc\Desktop\cvmaker\n
ode_modules\tailwindcss\dist
\lib.js:3:1733)][0m
    [2m[at _ (C:\Users\niha
d_a7e0bkc\Desktop\cvmaker\no
de_modules\tailwindcss\dist\
lib.js:3:1377)][0m
    [2m[at Te (C:\Users\nih
ad_a7e0bkc\Desktop\cvmaker\n
ode_modules\tailwindcss\dist
\lib.js:21:172)][0m
    [2m[at pn (C:\Users\nih
ad_a7e0bkc\Desktop\cvmaker\n
ode_modules\tailwindcss\dist
\lib.js:38:294)][0m
    [2m[at async dn (C:\Use
rs\nihad_a7e0bkc\Desktop\cvm
aker\node_modules\tailwindcs
s\dist\lib.js:38:631)][0m
    [2m[at async Xr (C:\Use
rs\nihad_a7e0bkc\Desktop\cvm
aker\node_modules\@tailwindc
ss\node\dist\index.js:10:341
7)][0m
    [2m[at async N (C:\User
s\nihad_a7e0bkc\Desktop\cvma
ker\node_modules\@tailwindcs
s\postcss\dist\index.js:10:3
979)][0m

> Build error occurred
Error: Turbopack build 
failed with 1 errors:
./app/globals.css
Error evaluating Node.js 
code
CssSyntaxError: 
tailwindcss: C:\Users\nihad_
a7e0bkc\Desktop\cvmaker\app\
globals.css:1:1: Cannot 
apply unknown utility class 
`ring-offset-background`
    at Input.error (node_mod
ules/postcss/lib/input.js:13
5:16) [C:\Users\nihad_a7e0bk
c\Desktop\cvmaker\.next\buil
d\chunks\node_modules_fe693d
f6._.js:4651:22]
    at Root.error (node_modu
les/postcss/lib/node.js:146:
32) [C:\Users\nihad_a7e0bkc\
Desktop\cvmaker\.next\build\
chunks\node_modules_fe693df6
._.js:928:38]
    [at Object.Once (C:\User
s\nihad_a7e0bkc\Desktop\cvma
ker\node_modules\@tailwindcs
s\postcss\dist\index.js:10:6
913)]
    at async 
LazyResult.runAsync (node_mo
dules/postcss/lib/lazy-resul
t.js:293:11) [C:\Users\nihad
_a7e0bkc\Desktop\cvmaker\.ne
xt\build\chunks\node_modules
_fe693df6._.js:6206:21]
    at async transform (turb
opack:///[turbopack-node]/tr
ansforms/postcss.ts:70:34) [
C:\Users\nihad_a7e0bkc\Deskt
op\cvmaker\.next\build\chunk
s\[root-of-the-server]__5122
5daf._.js:146:36]
    at async run (turbopack:
///[turbopack-node]/ipc/eval
uate.ts:92:23) [C:\Users\nih
ad_a7e0bkc\Desktop\cvmaker\.
next\build\chunks\[root-of-t
he-server]__974941ed._.js:44
3:31]

Import trace:
  Client Component Browser:
    ./app/globals.css 
[Client Component Browser]
    ./app/layout.tsx 
[Server Component]


    at async transform (turb
opack:///[turbopack-node]/tr
ansforms/postcss.ts:70:34) [
C:\Users\nihad_a7e0bkc\Deskt
op\cvmaker\.next\build\chunk
s\[root-of-the-server]__5122
5daf._.js:146:36])
    at async run (turbopack:
///[turbopack-node]/ipc/eval
uate.ts:92:23) [C:\Users\nih
ad_a7e0bkc\Desktop\cvmaker\.
next\build\chunks\[root-of-t
he-server]__974941ed._.js:44
3:31])
